---
created: "2019-08-23T11:44:40.800337071Z"
creator: insta@0.8.1
source: asdl/src/lib.rs
expression: model
---
Asdl {
    types: [
        SumType(
            SumType {
                id: "stm",
                constructors: [
                    Constructor {
                        id: "Compound",
                        fields: [
                            Field {
                                id: "s1",
                                type_id: "stm",
                                arity: Required,
                            },
                            Field {
                                id: "s2",
                                type_id: "stm",
                                arity: Repeated,
                            },
                        ],
                    },
                    Constructor {
                        id: "Single",
                        fields: [
                            Field {
                                id: "stm",
                                type_id: "stm",
                                arity: Required,
                            },
                        ],
                    },
                ],
                attributes: [],
            },
        ),
        SumType(
            SumType {
                id: "noFileds",
                constructors: [
                    Constructor {
                        id: "One",
                        fields: [],
                    },
                    Constructor {
                        id: "Two",
                        fields: [],
                    },
                    Constructor {
                        id: "Three",
                        fields: [],
                    },
                ],
                attributes: [],
            },
        ),
        ProdType(
            ProdType {
                id: "prodType",
                fields: [
                    Field {
                        id: "f",
                        type_id: "noFileds",
                        arity: Optional,
                    },
                    Field {
                        id: "s1",
                        type_id: "stm",
                        arity: Required,
                    },
                ],
            },
        ),
    ],
}
