---
created: "2019-08-15T11:58:41.798987386Z"
creator: insta@0.8.1
source: src/lib.rs
expression: root
---
Root {
    types: [
        SumType(
            SumType {
                type_id: TypeId(
                    "stm",
                ),
                constructors: [
                    Constr {
                        id: ConstrId(
                            "Compound",
                        ),
                        fields: [
                            Single(
                                Single {
                                    type_id: TypeId(
                                        "stm",
                                    ),
                                    id: Some(
                                        Id(
                                            "s1",
                                        ),
                                    ),
                                },
                            ),
                            Sequence(
                                Sequence {
                                    type_id: TypeId(
                                        "stm",
                                    ),
                                    id: Some(
                                        Id(
                                            "s2",
                                        ),
                                    ),
                                },
                            ),
                        ],
                    },
                    Constr {
                        id: ConstrId(
                            "Single",
                        ),
                        fields: [
                            Single(
                                Single {
                                    type_id: TypeId(
                                        "stm",
                                    ),
                                    id: None,
                                },
                            ),
                        ],
                    },
                ],
                attrs: None,
            },
        ),
        SumType(
            SumType {
                type_id: TypeId(
                    "noFileds",
                ),
                constructors: [
                    Constr {
                        id: ConstrId(
                            "One",
                        ),
                        fields: [],
                    },
                    Constr {
                        id: ConstrId(
                            "Two",
                        ),
                        fields: [],
                    },
                    Constr {
                        id: ConstrId(
                            "Three",
                        ),
                        fields: [],
                    },
                ],
                attrs: None,
            },
        ),
        ProdType(
            ProdType {
                type_id: TypeId(
                    "prodType",
                ),
                fields: [
                    Opt(
                        Opt {
                            type_id: TypeId(
                                "noFileds",
                            ),
                            id: Some(
                                Id(
                                    "f",
                                ),
                            ),
                        },
                    ),
                    Single(
                        Single {
                            type_id: TypeId(
                                "stm",
                            ),
                            id: Some(
                                Id(
                                    "s1",
                                ),
                            ),
                        },
                    ),
                ],
            },
        ),
    ],
}
